// Jest Snapshot v1, https://goo.gl/fbAQLP

exports[`default 1`] = `
"# Generated by cdkactions. Do not modify
# Generated as part of the 'autoapprove' stack.
name: Auto Approve dependabot PRs
on: pull_request
jobs:
  approve:
    runs-on: ubuntu-latest
    steps:
      - uses: hmarr/auto-approve-action@v2.0.0
        if: github.actor == 'dependabot[bot]'
        with:
          github-token: \${{ secrets.BOT_GITHUB_PAT }}
"
`;
