// Jest Snapshot v1, https://goo.gl/fbAQLP

exports[`default 1`] = `
"# Generated by cdkactions. Do not modify
# Generated as part of the 'pypi' stack.
name: Build and Publish
on:
  push:
    branches:
      - \\"**\\"
    tags:
      - \\"[0-9]+.[0-9]+.[0-9]+\\"
jobs:
  test:
    runs-on: ubuntu-latest
    container:
      image: themattrix/tox
    steps:
      - uses: actions/checkout@v2
      - name: Install dependencies
        run: pip install codecov
      - name: Test
        run: tox
      - name: Upload Code Coverage
        run: codecov
  publish:
    runs-on: ubuntu-latest
    container:
      image: python:3.8
    if: startsWith(github.ref, 'refs/tags')
    steps:
      - uses: actions/checkout@v2
      - name: Verify tag
        run: python3 setup.py verify
      - name: Build
        run: python3 setup.py sdist bdist_wheel
      - name: Publish
        uses: pypa/gh-action-pypi-publish@v1
        with:
          user: __token__
          password: \${{ secrets.PYPI_PASSWORD }}
"
`;
